// Jest Snapshot v1, https://goo.gl/fbAQLP

exports[`renders 1`] = `
<DocumentFragment>
  <header
    class="sc-AykKI dgloPn"
  >
    <div
      class="sc-AykKJ bWHXCe"
    >
      Header
    </div>
  </header>
</DocumentFragment>
`;
